// Jest Snapshot v1, https://goo.gl/fbAQLP

exports[`renders correctly 1`] = `
<View
  style={
    Object {
      "marginTop": 50,
    }
  }
>
  <Text>
    Dashboard Screen
  </Text>
</View>
`;
