// Jest Snapshot v1, https://goo.gl/fbAQLP

exports[`renders correctly 1`] = `
<View
  style={
    Object {
      "marginTop": 50,
    }
  }
>
  <TextInput
    allowFontScaling={true}
    placeholder="Username"
    rejectResponderTermination={true}
    underlineColorAndroid="transparent"
  />
  <TextInput
    allowFontScaling={true}
    placeholder="Password"
    rejectResponderTermination={true}
    underlineColorAndroid="transparent"
  />
  <View
    accessibilityRole="button"
    accessibilityStates={Array []}
    accessible={true}
    focusable={true}
    isTVSelectable={true}
    onClick={[Function]}
    onResponderGrant={[Function]}
    onResponderMove={[Function]}
    onResponderRelease={[Function]}
    onResponderTerminate={[Function]}
    onResponderTerminationRequest={[Function]}
    onStartShouldSetResponder={[Function]}
    style={
      Object {
        "opacity": 1,
      }
    }
  >
    <View
      style={
        Array [
          Object {},
        ]
      }
    >
      <Text
        style={
          Array [
            Object {
              "color": "#007AFF",
              "fontSize": 18,
              "padding": 8,
              "textAlign": "center",
            },
          ]
        }
      >
        Go to Dashboard
      </Text>
    </View>
  </View>
</View>
`;
